Event: type=TIMER (Local)
Event: type=TIMER (media)
Event: type=TIMER (have)
Event: type=TIMER (reported)
Event: type=TIMER (eyewitness)
Event: type=TIMER (accounts)
Event: type=TIMER (of)
Event: type=TIMER (a)
Event: type=TIMER (fiery)
Event: type=TIMER (ball)
