ECHO: A
ECHO: a
ECHO: aa
ECHO: aal
ECHO: aalii
ECHO: aam
ECHO: Aani
ECHO: aardvark
ECHO: aardwolf
ECHO: Aaron
ECHO: Aaronic
ECHO: Aaronical
ECHO: Aaronite
ECHO: Aaronitic
ECHO: Aaru
ECHO: Ab
ECHO: aba
ECHO: Ababdeh
ECHO: Ababua
ECHO: abac
